// Jest Snapshot v1, https://goo.gl/fbAQLP

exports[`should render AdminEditPage correctly 1`] = `
<div>
  <div
    className="page-admin-header"
  >
    <div
      className="content-container"
    >
      <h1
        className="page-admin-header__title"
      >
        Edit Product
      </h1>
    </div>
  </div>
  <div
    className="content-container"
  >
    <AdminForm
      ecommerce={
        Object {
          "amount": 4500,
          "category": "women",
          "createdAt": -432000000,
          "description": "women shoe",
          "id": "2",
          "image": "women_shoe.jpeg",
          "imageUrl": "",
          "item": "women_headwear",
          "stock": 403,
        }
      }
      onSubmit={[Function]}
    />
    <button
      className="button button--secondary"
      onClick={[Function]}
    >
      Remove Product
    </button>
  </div>
</div>
`;
