// Jest Snapshot v1, https://goo.gl/fbAQLP

exports[`should render AdminHeader correctly 1`] = `
<header>
  <h1>
    OyinMark
  </h1>
  <NavLink
    activeClassName="is-active"
    ariaCurrent="true"
    exact={true}
    to="/"
  >
    Customer
  </NavLink>
  <NavLink
    activeClassName="is-active"
    ariaCurrent="true"
    exact={true}
    to="/admin_dashboard"
  >
    Dashboard
  </NavLink>
  <NavLink
    activeClassName="is-active"
    ariaCurrent="true"
    to="/create"
  >
    Create Product
  </NavLink>
  <NavLink
    activeClassName="is-active"
    ariaCurrent="true"
    to="/edit"
  >
    Edit Product
  </NavLink>
</header>
`;
