// Jest Snapshot v1, https://goo.gl/fbAQLP

exports[`should render AdminEditPage correctly 1`] = `
<div>
  <AdminForm
    ecommerce={
      Object {
        "amount": 4500,
        "category": "women",
        "createdAt": -432000000,
        "description": "women shoe",
        "id": "2",
        "image": "women_shoe.jpeg",
        "imageUrl": "",
        "item": "women_headwear",
        "stock": 403,
      }
    }
    onSubmit={[Function]}
  />
  <button
    onClick={[Function]}
  >
    Remove
  </button>
</div>
`;
