// Jest Snapshot v1, https://goo.gl/fbAQLP

exports[`should render AdminHeader correctly 1`] = `
<header
  className="admin-header"
>
  <div
    className="content-container"
  >
    <div
      className="admin-header__container"
    >
      <Link
        className="admin-header__title"
        replace={false}
        to="/admin_dashboard"
      >
        <h1>
          E-Market
        </h1>
      </Link>
      <button
        className="button button--link"
        onClick={[Function]}
      >
        Logout
      </button>
    </div>
  </div>
</header>
`;
