// Jest Snapshot v1, https://goo.gl/fbAQLP

exports[`should render EcommerceListItem correctly 1`] = `
<Link
  className="list-item"
  replace={false}
  to="/edit/3"
>
  <div>
    <img
      height="200"
      src=""
      width="150"
    />
    <h3
      className="list-item__title"
    >
       
      boy shirt
       
      <br />
       
    </h3>
    <h3
      className="list-item__title"
    >
       
      ₦3.50
    </h3>
    <p
      className="list-item__stock"
    >
      3200 piece(s) available
    </p>
  </div>
</Link>
`;
