// Jest Snapshot v1, https://goo.gl/fbAQLP

exports[`should render AdminAddPage correctly 1`] = `
<div>
  <div
    className="page-admin-header"
  >
    <div
      className="content-container"
    >
      <h1
        className="page-admin-header__title"
      >
         Add Product
      </h1>
    </div>
  </div>
  <div
    className="content-container"
  >
    <AdminForm
      onSubmit={[Function]}
    />
  </div>
</div>
`;
