// Jest Snapshot v1, https://goo.gl/fbAQLP

exports[`should render CustHeader correctly 1`] = `
<header
  className="admin-header"
>
  <div
    className="content-container"
  >
    <div
      className="admin-header__container"
    >
      <Link
        className="admin-header__title"
        replace={false}
        to="/"
      >
        <h1>
          E-Market
        </h1>
      </Link>
      <Link
        className="button button--link"
        replace={false}
        to="/signin"
      >
        SignIn
      </Link>
    </div>
  </div>
</header>
`;
